[INFO] [1790093352.478990098] [metro_guard]: Metro Guard started; output frame: metro_guard_lidar (forward / left / up)
stdin is not a terminal device. Keyboard handling disabled.[INFO] [1790093352.626343785] [rosbag2_storage]: Opened database '/data/doubleT_obstacle/doubleT_obstacle_0.db3' for READ_ONLY.
[INFO] [1790093352.626405032] [rosbag2_player]: Set rate to 1
[INFO] [1790093352.628906980] [rosbag2_player]: Adding keyboard callbacks.
[INFO] [1790093352.628927646] [rosbag2_player]: Press SPACE for Pause/Resume
[INFO] [1790093352.628934729] [rosbag2_player]: Press CURSOR_RIGHT for Play Next Message
[INFO] [1790093352.628940603] [rosbag2_player]: Press CURSOR_UP for Increase Rate 10%
[INFO] [1790093352.628946186] [rosbag2_player]: Press CURSOR_DOWN for Decrease Rate 10%
[INFO] [1790093352.628982434] [rosbag2_player]: Sleep 1000000000 ns
[INFO] [1790093353.634406232] [rosbag2_storage]: Opened database '/data/doubleT_obstacle/doubleT_obstacle_0.db3' for READ_ONLY.
[WARN] [1790093353.776443955] [rosbag2_player]: Message queue starved. Messages will be delayed. Consider increasing the --read-ahead-queue-size option.
[WARN] [1790093354.942178450] [rosbag2_player]: Message queue starved. Messages will be delayed. Consider increasing the --read-ahead-queue-size option.
[WARN] [1790093355.944465417] [rosbag2_player]: Message queue starved. Messages will be delayed. Consider increasing the --read-ahead-queue-size option.
[WARN] [1790093357.132110815] [rosbag2_player]: Message queue starved. Messages will be delayed. Consider increasing the --read-ahead-queue-size option.
[WARN] [1790093358.134499109] [rosbag2_player]: Message queue starved. Messages will be delayed. Consider increasing the --read-ahead-queue-size option.
[WARN] [1790093359.136015034] [rosbag2_player]: Message queue starved. Messages will be delayed. Consider increasing the --read-ahead-queue-size option.
[WARN] [1790093360.138981755] [rosbag2_player]: Message queue starved. Messages will be delayed. Consider increasing the --read-ahead-queue-size option.
[WARN] [1790093361.141236390] [rosbag2_player]: Message queue starved. Messages will be delayed. Consider increasing the --read-ahead-queue-size option.
[WARN] [1790093362.141242021] [rosbag2_player]: Message queue starved. Messages will be delayed. Consider increasing the --read-ahead-queue-size option.
[WARN] [1790093363.328073088] [rosbag2_player]: Message queue starved. Messages will be delayed. Consider increasing the --read-ahead-queue-size option.
[WARN] [1790093364.331663109] [rosbag2_player]: Message queue starved. Messages will be delayed. Consider increasing the --read-ahead-queue-size option.
[WARN] [1790093365.335022184] [rosbag2_player]: Message queue starved. Messages will be delayed. Consider increasing the --read-ahead-queue-size option.
[WARN] [1790093366.338100900] [rosbag2_player]: Message queue starved. Messages will be delayed. Consider increasing the --read-ahead-queue-size option.
[WARN] [1790093367.338851991] [rosbag2_player]: Message queue starved. Messages will be delayed. Consider increasing the --read-ahead-queue-size option.
[WARN] [1790093368.446082762] [rosbag2_player]: Message queue starved. Messages will be delayed. Consider increasing the --read-ahead-queue-size option.
[WARN] [1790093369.446231344] [rosbag2_player]: Message queue starved. Messages will be delayed. Consider increasing the --read-ahead-queue-size option.
[WARN] [1790093370.559485207] [rosbag2_player]: Message queue starved. Messages will be delayed. Consider increasing the --read-ahead-queue-size option.
[WARN] [1790093371.730078857] [rosbag2_player]: Message queue starved. Messages will be delayed. Consider increasing the --read-ahead-queue-size option.
[WARN] [1790093372.731280966] [rosbag2_player]: Message queue starved. Messages will be delayed. Consider increasing the --read-ahead-queue-size option.
[WARN] [1790093373.731663326] [rosbag2_player]: Message queue starved. Messages will be delayed. Consider increasing the --read-ahead-queue-size option.
{
  "real_bag_ros_smoke": "passed",
  "bag": "/data/doubleT_obstacle",
  "results": 201,
  "input_points_range": [
    921600,
    921600
  ],
  "dropped_in_worker": 0,
  "received_by_subscription": 201,
  "callback_to_result_ms_p95": 62.87094599974807,
  "visualization_enabled": true,
  "queue_depth": 2,
  "read_ahead_queue_size": 2,
  "visualization_ms_p95": 0.9766970033524558,
  "stage_ms": {
    "queue": {
      "mean": 2.1373092040358186,
      "p95": 3.385692005394958,
      "max": 108.5102380020544
    },
    "cdr": {
      "mean": 0.7784887119538072,
      "p95": 1.5196270105661824,
      "max": 12.129345996072516
    },
    "xyz": {
      "mean": 2.317772143441067,
      "p95": 2.49044899828732,
      "max": 10.821333999047056
    },
    "core": {
      "mean": 47.53538651770648,
      "p95": 57.53556800482329,
      "max": 68.82708400371484
    },
    "previous_publish": {
      "mean": 0.1276890103344977,
      "p95": 0.16724099987186491,
      "max": 0.46580799971707165
    },
    "previous_iteration": {
      "mean": 51.19852974633825,
      "p95": 61.65176199283451,
      "max": 77.20646601228509
    },
    "arrival_interval": {
      "mean": 100.73787852208389,
      "p95": 110.5249630054459,
      "max": 437.49889099854045
    }
  },
  "source_duration_s": 20.400028944015503,
  "receipt_duration_s": 20.249133913006517,
  "quality_evaluated": false
}
